../Middlewares/Third_Party/FreeRTOS/Source/portable/GCC/ARM_CM33_NTZ/non_secure/port.c:612:32:vPortSetupTimerInterrupt	4	static
../Middlewares/Third_Party/FreeRTOS/Source/portable/GCC/ARM_CM33_NTZ/non_secure/port.c:633:13:prvTaskExitError	16	static
../Middlewares/Third_Party/FreeRTOS/Source/portable/GCC/ARM_CM33_NTZ/non_secure/port.c:775:6:vPortYield	4	static,ignoring_inline_asm
../Middlewares/Third_Party/FreeRTOS/Source/portable/GCC/ARM_CM33_NTZ/non_secure/port.c:787:6:vPortEnterCritical	8	static,ignoring_inline_asm
../Middlewares/Third_Party/FreeRTOS/Source/portable/GCC/ARM_CM33_NTZ/non_secure/port.c:799:6:vPortExitCritical	8	static
../Middlewares/Third_Party/FreeRTOS/Source/portable/GCC/ARM_CM33_NTZ/non_secure/port.c:811:6:xPortSysTickHandler	16	static
../Middlewares/Third_Party/FreeRTOS/Source/portable/GCC/ARM_CM33_NTZ/non_secure/port.c:828:6:vPortSVCHandler_C	24	static
../Middlewares/Third_Party/FreeRTOS/Source/portable/GCC/ARM_CM33_NTZ/non_secure/port.c:955:19:pxPortInitialiseStack	24	static
../Middlewares/Third_Party/FreeRTOS/Source/portable/GCC/ARM_CM33_NTZ/non_secure/port.c:1070:12:xPortStartScheduler	8	static
../Middlewares/Third_Party/FreeRTOS/Source/portable/GCC/ARM_CM33_NTZ/non_secure/port.c:1107:6:vPortEndScheduler	8	static
../Middlewares/Third_Party/FreeRTOS/Source/portable/GCC/ARM_CM33_NTZ/non_secure/port.c:1240:12:xPortIsInsideInterrupt	16	static,ignoring_inline_asm
