../Drivers/CMSIS/Include/core_cm33.h:3212:26:ITM_SendChar	16	static,ignoring_inline_asm
../Core/Src/main.c:79:5:_write	32	static
../Core/Src/main.c:97:5:main	8	static
../Core/Src/main.c:160:6:SystemClock_Config	120	static
../Core/Src/main.c:217:13:MX_ADC1_Init	40	static
../Core/Src/main.c:280:13:MX_GPDMA1_Init	16	static
../Core/Src/main.c:308:13:MX_I2C1_Init	8	static
../Core/Src/main.c:356:13:MX_I2C4_Init	8	static
../Core/Src/main.c:404:13:MX_ICACHE_Init	8	static
../Core/Src/main.c:432:13:MX_SPI1_Init	8	static
../Core/Src/main.c:480:13:MX_SPI3_Init	8	static
../Core/Src/main.c:528:13:MX_UART4_Init	8	static
../Core/Src/main.c:576:13:MX_GPIO_Init	56	static
../Core/Src/main.c:827:6:HAL_TIM_PeriodElapsedCallback	16	static
../Core/Src/main.c:844:6:Error_Handler	4	static,ignoring_inline_asm
