../Core/Src/st7789.c:21:13:ST7789_WriteCommand	16	static
../Core/Src/st7789.c:35:6:ST7789_WriteData	24	static
../Core/Src/st7789.c:67:13:ST7789_WriteSmallData	16	static
../Core/Src/st7789.c:80:6:ST7789_SetRotation	16	static
../Core/Src/st7789.c:106:6:ST7789_SetAddressWindow	40	static
../Core/Src/st7789.c:135:6:ST7789_Init	56	static
../Core/Src/st7789.c:203:6:ST7789_Fill_Color	24	static
../Core/Src/st7789.c:232:6:ST7789_DrawPixel	24	static
../Core/Src/st7789.c:251:6:ST7789_Fill	32	static
../Core/Src/st7789.c:272:6:ST7789_DrawPixel_4px	32	static
../Core/Src/st7789.c:288:6:ST7789_DrawLine	40	static
../Core/Src/st7789.c:349:6:ST7789_DrawRectangle	32	static
../Core/Src/st7789.c:366:6:ST7789_DrawCircle	40	static
../Core/Src/st7789.c:410:6:ST7789_DrawImage	24	static
../Core/Src/st7789.c:430:6:ST7789_InvertColors	16	static
../Core/Src/st7789.c:446:6:ST7789_WriteChar	40	static
../Core/Src/st7789.c:477:6:ST7789_WriteString	32	static
../Core/Src/st7789.c:508:6:ST7789_DrawFilledRectangle	40	static
../Core/Src/st7789.c:542:6:ST7789_DrawTriangle	32	static
../Core/Src/st7789.c:558:6:ST7789_DrawFilledTriangle	64	static
../Core/Src/st7789.c:627:6:ST7789_DrawFilledCircle	48	static
../Core/Src/st7789.c:667:6:ST7789_TearEffect	16	static
../Core/Src/st7789.c:680:6:ST7789_Test	24	static
