../Core/Src/stm32h5xx_it.c:122:12:find_mac	24	static
../Core/Src/stm32h5xx_it.c:141:6:NMI_Handler	4	static
../Core/Src/stm32h5xx_it.c:156:6:HardFault_Handler	4	static
../Core/Src/stm32h5xx_it.c:171:6:MemManage_Handler	4	static
../Core/Src/stm32h5xx_it.c:186:6:BusFault_Handler	4	static
../Core/Src/stm32h5xx_it.c:201:6:UsageFault_Handler	4	static
../Core/Src/stm32h5xx_it.c:216:6:DebugMon_Handler	4	static
../Core/Src/stm32h5xx_it.c:236:6:EXTI4_IRQHandler	8	static
../Core/Src/stm32h5xx_it.c:259:6:EXTI5_IRQHandler	8	static
../Core/Src/stm32h5xx_it.c:282:6:EXTI6_IRQHandler	8	static
../Core/Src/stm32h5xx_it.c:305:6:EXTI8_IRQHandler	24	static
../Core/Src/stm32h5xx_it.c:378:6:EXTI9_IRQHandler	8	static
../Core/Src/stm32h5xx_it.c:400:6:EXTI10_IRQHandler	8	static
../Core/Src/stm32h5xx_it.c:422:6:EXTI11_IRQHandler	8	static
../Core/Src/stm32h5xx_it.c:445:6:EXTI13_IRQHandler	8	static
../Core/Src/stm32h5xx_it.c:468:6:EXTI15_IRQHandler	8	static
../Core/Src/stm32h5xx_it.c:491:6:GPDMA1_Channel7_IRQHandler	8	static
../Core/Src/stm32h5xx_it.c:505:6:SPI1_IRQHandler	8	static
../Core/Src/stm32h5xx_it.c:519:6:UART4_IRQHandler	16	static
../Core/Src/stm32h5xx_it.c:563:6:TIM17_IRQHandler	8	static
../Core/Src/stm32h5xx_it.c:575:6:parse_uart_scan_message	1376	static
