../Drivers/STM32U0xx_HAL_Driver/Src/stm32u0xx_hal_flash.c:165:19:HAL_FLASH_Program	40	static
../Drivers/STM32U0xx_HAL_Driver/Src/stm32u0xx_hal_flash.c:227:19:HAL_FLASH_Program_IT	40	static
../Drivers/STM32U0xx_HAL_Driver/Src/stm32u0xx_hal_flash.c:283:6:HAL_FLASH_IRQHandler	16	static
../Drivers/STM32U0xx_HAL_Driver/Src/stm32u0xx_hal_flash.c:383:13:HAL_FLASH_EndOfOperationCallback	16	static
../Drivers/STM32U0xx_HAL_Driver/Src/stm32u0xx_hal_flash.c:401:13:HAL_FLASH_OperationErrorCallback	16	static
../Drivers/STM32U0xx_HAL_Driver/Src/stm32u0xx_hal_flash.c:434:19:HAL_FLASH_Unlock	16	static
../Drivers/STM32U0xx_HAL_Driver/Src/stm32u0xx_hal_flash.c:458:19:HAL_FLASH_Lock	16	static
../Drivers/STM32U0xx_HAL_Driver/Src/stm32u0xx_hal_flash.c:478:19:HAL_FLASH_OB_Unlock	16	static
../Drivers/STM32U0xx_HAL_Driver/Src/stm32u0xx_hal_flash.c:502:19:HAL_FLASH_OB_Lock	16	static
../Drivers/STM32U0xx_HAL_Driver/Src/stm32u0xx_hal_flash.c:522:19:HAL_FLASH_OB_Launch	8	static
../Drivers/STM32U0xx_HAL_Driver/Src/stm32u0xx_hal_flash.c:565:10:HAL_FLASH_GetError	8	static
../Drivers/STM32U0xx_HAL_Driver/Src/stm32u0xx_hal_flash.c:589:19:FLASH_WaitForLastOperation	24	static
../Drivers/STM32U0xx_HAL_Driver/Src/stm32u0xx_hal_flash.c:638:13:FLASH_Program_DoubleWord	32	static,ignoring_inline_asm
../Drivers/STM32U0xx_HAL_Driver/Src/stm32u0xx_hal_flash.c:660:24:FLASH_Program_Fast	40	static,ignoring_inline_asm
