../Drivers/CMSIS/Include/core_cm0plus.h:741:22:__NVIC_EnableIRQ	16	static,ignoring_inline_asm
../Drivers/CMSIS/Include/core_cm0plus.h:779:22:__NVIC_DisableIRQ	16	static,ignoring_inline_asm
../Drivers/CMSIS/Include/core_cm0plus.h:798:26:__NVIC_GetPendingIRQ	16	static
../Drivers/CMSIS/Include/core_cm0plus.h:817:22:__NVIC_SetPendingIRQ	16	static
../Drivers/CMSIS/Include/core_cm0plus.h:832:22:__NVIC_ClearPendingIRQ	16	static
../Drivers/CMSIS/Include/core_cm0plus.h:850:22:__NVIC_SetPriority	24	static
../Drivers/CMSIS/Include/core_cm0plus.h:874:26:__NVIC_GetPriority	16	static
../Drivers/CMSIS/Include/core_cm0plus.h:987:34:__NVIC_SystemReset	8	static,ignoring_inline_asm
../Drivers/CMSIS/Include/core_cm0plus.h:1058:26:SysTick_Config	16	static
../Drivers/STM32U0xx_HAL_Driver/Src/stm32u0xx_hal_cortex.c:130:6:HAL_NVIC_SetPriority	24	static
../Drivers/STM32U0xx_HAL_Driver/Src/stm32u0xx_hal_cortex.c:147:6:HAL_NVIC_EnableIRQ	16	static
../Drivers/STM32U0xx_HAL_Driver/Src/stm32u0xx_hal_cortex.c:164:6:HAL_NVIC_DisableIRQ	16	static
../Drivers/STM32U0xx_HAL_Driver/Src/stm32u0xx_hal_cortex.c:177:6:HAL_NVIC_SystemReset	8	static
../Drivers/STM32U0xx_HAL_Driver/Src/stm32u0xx_hal_cortex.c:190:10:HAL_SYSTICK_Config	16	static
../Drivers/STM32U0xx_HAL_Driver/Src/stm32u0xx_hal_cortex.c:222:10:HAL_NVIC_GetPriority	16	static
../Drivers/STM32U0xx_HAL_Driver/Src/stm32u0xx_hal_cortex.c:236:6:HAL_NVIC_SetPendingIRQ	16	static
../Drivers/STM32U0xx_HAL_Driver/Src/stm32u0xx_hal_cortex.c:255:10:HAL_NVIC_GetPendingIRQ	16	static
../Drivers/STM32U0xx_HAL_Driver/Src/stm32u0xx_hal_cortex.c:272:6:HAL_NVIC_ClearPendingIRQ	16	static
../Drivers/STM32U0xx_HAL_Driver/Src/stm32u0xx_hal_cortex.c:289:6:HAL_SYSTICK_CLKSourceConfig	16	static
../Drivers/STM32U0xx_HAL_Driver/Src/stm32u0xx_hal_cortex.c:307:6:HAL_SYSTICK_IRQHandler	8	static
../Drivers/STM32U0xx_HAL_Driver/Src/stm32u0xx_hal_cortex.c:316:13:HAL_SYSTICK_Callback	8	static
../Drivers/STM32U0xx_HAL_Driver/Src/stm32u0xx_hal_cortex.c:335:6:HAL_MPU_Enable	16	static,ignoring_inline_asm
../Drivers/STM32U0xx_HAL_Driver/Src/stm32u0xx_hal_cortex.c:349:6:HAL_MPU_Disable	8	static,ignoring_inline_asm
../Drivers/STM32U0xx_HAL_Driver/Src/stm32u0xx_hal_cortex.c:362:6:HAL_MPU_EnableRegion	16	static
../Drivers/STM32U0xx_HAL_Driver/Src/stm32u0xx_hal_cortex.c:378:6:HAL_MPU_DisableRegion	16	static
../Drivers/STM32U0xx_HAL_Driver/Src/stm32u0xx_hal_cortex.c:396:6:HAL_MPU_ConfigRegion	16	static
